A, B, C, D, E
a, b, c, d, e
1, 2, 3, 4, 5, 
a, 2, b, 4, , 
abc 123, , ABC abc, 123   ABC, , 
